
> build
> vite build

[36mvite v7.3.5 [32mbuilding client environment for production...[36m[39m
transforming...
[32mΓ£ô[39m 2499 modules transformed.
rendering chunks...
computing gzip size...
[2m.output/public/[22m[35massets/index-B3l7mx48.css                [39m[1m[2m  3.76 kB[22m[1m[22m[2m Γöé gzip:   1.06 kB[22m
[2m.output/public/[22m[35massets/styles-Dv5T4ZLU.css               [39m[1m[2m138.87 kB[22m[1m[22m[2m Γöé gzip:  23.01 kB[22m
[2m.output/public/[22m[36massets/index-DtqBFgK5.js                 [39m[1m[2m  0.04 kB[22m[1m[22m[2m Γöé gzip:   0.06 kB[22m
[2m.output/public/[22m[36massets/chevron-down-DMIX0XdH.js          [39m[1m[2m  0.13 kB[22m[1m[22m[2m Γöé gzip:   0.14 kB[22m
[2m.output/public/[22m[36massets/circle-D1LIX63s.js                [39m[1m[2m  0.13 kB[22m[1m[22m[2m Γöé gzip:   0.13 kB[22m
[2m.output/public/[22m[36massets/plus-Co0Pexfn.js                  [39m[1m[2m  0.15 kB[22m[1m[22m[2m Γöé gzip:   0.15 kB[22m
[2m.output/public/[22m[36massets/arrow-right-B--fziyN.js           [39m[1m[2m  0.17 kB[22m[1m[22m[2m Γöé gzip:   0.16 kB[22m
[2m.output/public/[22m[36massets/clock-YJ1AGGP9.js                 [39m[1m[2m  0.17 kB[22m[1m[22m[2m Γöé gzip:   0.17 kB[22m
[2m.output/public/[22m[36massets/search-Dnwzgw3y.js                [39m[1m[2m  0.18 kB[22m[1m[22m[2m Γöé gzip:   0.17 kB[22m
[2m.output/public/[22m[36massets/circle-check-CaGZzRzD.js          [39m[1m[2m  0.18 kB[22m[1m[22m[2m Γöé gzip:   0.17 kB[22m
[2m.output/public/[22m[36massets/rotate-ccw-DHFjLi9_.js            [39m[1m[2m  0.20 kB[22m[1m[22m[2m Γöé gzip:   0.18 kB[22m
[2m.output/public/[22m[36massets/lock-BlkEoY0E.js                  [39m[1m[2m  0.21 kB[22m[1m[22m[2m Γöé gzip:   0.19 kB[22m
[2m.output/public/[22m[36massets/circle-x-1wkueuVn.js              [39m[1m[2m  0.21 kB[22m[1m[22m[2m Γöé gzip:   0.18 kB[22m
[2m.output/public/[22m[36massets/mail-7pTcF25h.js                  [39m[1m[2m  0.21 kB[22m[1m[22m[2m Γöé gzip:   0.20 kB[22m
[2m.output/public/[22m[36massets/git-branch-C8_31Djb.js            [39m[1m[2m  0.23 kB[22m[1m[22m[2m Γöé gzip:   0.19 kB[22m
[2m.output/public/[22m[36massets/bookmark-DbfFVD3L.js              [39m[1m[2m  0.23 kB[22m[1m[22m[2m Γöé gzip:   0.20 kB[22m
[2m.output/public/[22m[36massets/hexagon-C45JtLug.js               [39m[1m[2m  0.23 kB[22m[1m[22m[2m Γöé gzip:   0.19 kB[22m
[2m.output/public/[22m[36massets/message-square-FfHF-uX7.js        [39m[1m[2m  0.23 kB[22m[1m[22m[2m Γöé gzip:   0.20 kB[22m
[2m.output/public/[22m[36massets/pen-B5ox4v5D.js                   [39m[1m[2m  0.24 kB[22m[1m[22m[2m Γöé gzip:   0.20 kB[22m
[2m.output/public/[22m[36massets/copy-BPo4hUfB.js                  [39m[1m[2m  0.24 kB[22m[1m[22m[2m Γöé gzip:   0.21 kB[22m
[2m.output/public/[22m[36massets/circle-alert-D7WOInAg.js          [39m[1m[2m  0.25 kB[22m[1m[22m[2m Γöé gzip:   0.19 kB[22m
[2m.output/public/[22m[36massets/external-link-2FS_UwRw.js         [39m[1m[2m  0.25 kB[22m[1m[22m[2m Γöé gzip:   0.20 kB[22m
[2m.output/public/[22m[36massets/calendar-DzUS42LT.js              [39m[1m[2m  0.26 kB[22m[1m[22m[2m Γöé gzip:   0.21 kB[22m
[2m.output/public/[22m[36massets/zap-yNaIfOhp.js                   [39m[1m[2m  0.26 kB[22m[1m[22m[2m Γöé gzip:   0.21 kB[22m
[2m.output/public/[22m[36massets/image-DUBx7aXp.js                 [39m[1m[2m  0.27 kB[22m[1m[22m[2m Γöé gzip:   0.22 kB[22m
[2m.output/public/[22m[36massets/shield-DueMRBjd.js                [39m[1m[2m  0.27 kB[22m[1m[22m[2m Γöé gzip:   0.23 kB[22m
[2m.output/public/[22m[36massets/award-C2e4xTy0.js                 [39m[1m[2m  0.28 kB[22m[1m[22m[2m Γöé gzip:   0.23 kB[22m
[2m.output/public/[22m[36massets/users-CGa1wSNE.js                 [39m[1m[2m  0.31 kB[22m[1m[22m[2m Γöé gzip:   0.23 kB[22m
[2m.output/public/[22m[36massets/shield-check-Z53t5gJd.js          [39m[1m[2m  0.32 kB[22m[1m[22m[2m Γöé gzip:   0.25 kB[22m
[2m.output/public/[22m[36massets/shield-alert-CmS3I19j.js          [39m[1m[2m  0.35 kB[22m[1m[22m[2m Γöé gzip:   0.26 kB[22m
[2m.output/public/[22m[36massets/share-2-BP_y__5F.js               [39m[1m[2m  0.36 kB[22m[1m[22m[2m Γöé gzip:   0.24 kB[22m
[2m.output/public/[22m[36massets/file-text-C3hxHGI9.js             [39m[1m[2m  0.39 kB[22m[1m[22m[2m Γöé gzip:   0.25 kB[22m
[2m.output/public/[22m[36massets/layers-BTTswGBg.js                [39m[1m[2m  0.42 kB[22m[1m[22m[2m Γöé gzip:   0.24 kB[22m
[2m.output/public/[22m[36massets/refresh-cw-C-Qc1hPl.js            [39m[1m[2m  0.44 kB[22m[1m[22m[2m Γöé gzip:   0.28 kB[22m
[2m.output/public/[22m[36massets/star-BqKHjjQg.js                  [39m[1m[2m  0.47 kB[22m[1m[22m[2m Γöé gzip:   0.29 kB[22m
[2m.output/public/[22m[36massets/trophy-C4gxYUvI.js                [39m[1m[2m  0.48 kB[22m[1m[22m[2m Γöé gzip:   0.28 kB[22m
[2m.output/public/[22m[36massets/useMutation-C-IIsfl8.js           [39m[1m[2m  2.20 kB[22m[1m[22m[2m Γöé gzip:   0.91 kB[22m
[2m.output/public/[22m[36massets/auth.github.callback-vFKH0Anj.js  [39m[1m[2m  2.26 kB[22m[1m[22m[2m Γöé gzip:   1.14 kB[22m
[2m.output/public/[22m[36massets/growth-ui-Db7hC8LW.js             [39m[1m[2m  2.79 kB[22m[1m[22m[2m Γöé gzip:   1.13 kB[22m
[2m.output/public/[22m[36massets/admin.login-BpQIr0oS.js           [39m[1m[2m  3.45 kB[22m[1m[22m[2m Γöé gzip:   1.43 kB[22m
[2m.output/public/[22m[36massets/explore-BjNJFskb.js               [39m[1m[2m  3.69 kB[22m[1m[22m[2m Γöé gzip:   1.53 kB[22m
[2m.output/public/[22m[36massets/portfolio._username-BvWRISIH.js   [39m[1m[2m  5.29 kB[22m[1m[22m[2m Γöé gzip:   1.68 kB[22m
[2m.output/public/[22m[36massets/assessments-BMtXZqVN.js           [39m[1m[2m  6.23 kB[22m[1m[22m[2m Γöé gzip:   2.12 kB[22m
[2m.output/public/[22m[36massets/discover-Bm6_Q8DQ.js              [39m[1m[2m  6.49 kB[22m[1m[22m[2m Γöé gzip:   2.46 kB[22m
[2m.output/public/[22m[36massets/review-a0qKfA1B.js                [39m[1m[2m  6.76 kB[22m[1m[22m[2m Γöé gzip:   2.14 kB[22m
[2m.output/public/[22m[36massets/projects-kCyw9aZj.js              [39m[1m[2m  8.85 kB[22m[1m[22m[2m Γöé gzip:   2.88 kB[22m
[2m.output/public/[22m[36massets/login-Gpg50d3X.js                 [39m[1m[2m 10.24 kB[22m[1m[22m[2m Γöé gzip:   3.44 kB[22m
[2m.output/public/[22m[36massets/profile-Dop1vOIP.js               [39m[1m[2m 13.38 kB[22m[1m[22m[2m Γöé gzip:   4.08 kB[22m
[2m.output/public/[22m[36massets/signup-BnxTcYZy.js                [39m[1m[2m 14.14 kB[22m[1m[22m[2m Γöé gzip:   4.46 kB[22m
[2m.output/public/[22m[36massets/index-CLOTiFb2-BoQoICTI.js        [39m[1m[2m 15.41 kB[22m[1m[22m[2m Γöé gzip:   6.29 kB[22m
[2m.output/public/[22m[36massets/paths.create-BsF2jTMl.js          [39m[1m[2m 15.46 kB[22m[1m[22m[2m Γöé gzip:   4.78 kB[22m
[2m.output/public/[22m[36massets/admin.roadmap-o-iE7Tyi.js         [39m[1m[2m 19.80 kB[22m[1m[22m[2m Γöé gzip:   6.01 kB[22m
[2m.output/public/[22m[36massets/settings-BcYJVb8c.js              [39m[1m[2m 21.44 kB[22m[1m[22m[2m Γöé gzip:   4.88 kB[22m
[2m.output/public/[22m[36massets/progress-plFzYSHp.js              [39m[1m[2m 23.78 kB[22m[1m[22m[2m Γöé gzip:   7.30 kB[22m
[2m.output/public/[22m[36massets/dashboard-BxmDRw_C.js             [39m[1m[2m 24.18 kB[22m[1m[22m[2m Γöé gzip:   7.17 kB[22m
[2m.output/public/[22m[36massets/admin.dashboard-OTVIEBiA.js       [39m[1m[2m 25.28 kB[22m[1m[22m[2m Γöé gzip:   5.73 kB[22m
[2m.output/public/[22m[36massets/notes-CeKXHrXw.js                 [39m[1m[2m 31.06 kB[22m[1m[22m[2m Γöé gzip:   7.10 kB[22m
[2m.output/public/[22m[36massets/custom-paths-B4B6quB-.js          [39m[1m[2m 34.62 kB[22m[1m[22m[2m Γöé gzip:  10.57 kB[22m
[2m.output/public/[22m[36massets/Tooltip-B8gZJWmn-BssZikxT.js      [39m[1m[2m 46.89 kB[22m[1m[22m[2m Γöé gzip:  17.27 kB[22m
[2m.output/public/[22m[36massets/topic._topicId-Ct3rkBRo.js        [39m[1m[2m 56.09 kB[22m[1m[22m[2m Γöé gzip:  13.54 kB[22m
[2m.output/public/[22m[36massets/dialog-j2c1fLYE.js                [39m[1m[2m 62.59 kB[22m[1m[22m[2m Γöé gzip:  20.89 kB[22m
[2m.output/public/[22m[36massets/roadmap-DiER3gUs.js               [39m[1m[2m190.77 kB[22m[1m[22m[2m Γöé gzip:  62.17 kB[22m
[2m.output/public/[22m[36massets/index-BoWL0X7u.js                 [39m[1m[2m435.72 kB[22m[1m[22m[2m Γöé gzip: 137.52 kB[22m
[32mΓ£ô built in 7.72s[39m
[36mvite v7.3.5 [32mbuilding ssr environment for production...[36m[39m
transforming...
node.exe : [33m"createRequestHandler", "defineHandlerCallback", "transformPipeableStreamWithRouter" and 
"transformReadableStreamWithRouter" are imported from external module "@tanstack/router-core/ssr/server" but never 
used in "node_modules/@tanstack/start-server-core/dist/esm/index.js".[39m
At line:1 char:1
+ & "C:\Program Files\nodejs/node.exe" "C:\Program Files\nodejs/node_mo ...
+ ~~~~~~~~~~~~~~~~~~~~~~~~~~~~~~~~~~~~~~~~~~~~~~~~~~~~~~~~~~~~~~~~~~~~~
    + CategoryInfo          : NotSpecified: ([33m"createReq...index.js".[39m:String) [], RemoteException
    + FullyQualifiedErrorId : NativeCommandError
 
[33m"RawStream" is imported from external module "@tanstack/router-core" but never used in 
"node_modules/@tanstack/start-client-core/dist/esm/index.js".[39m
[33m"hydrate" and "json" are imported from external module "@tanstack/router-core/ssr/client" but never used in 
"node_modules/@tanstack/start-client-core/dist/esm/index.js".[39m
[32mΓ£ô[39m 125 modules transformed.
rendering chunks...
[2mnode_modules/.nitro/vite/services/ssr/[22m[35massets/router-B3l7mx48.css                     [39m[1m[2m  3.76 kB[22m[1m[22m
[2mnode_modules/.nitro/vite/services/ssr/[22m[35massets/styles-Dv5T4ZLU.css                     [39m[1m[2m138.87 kB[22m[1m[22m
[2mnode_modules/.nitro/vite/services/ssr/[22m[36massets/index-BTU5dmpx.js                       [39m[1m[2m  0.08 kB[22m[1m[22m
[2mnode_modules/.nitro/vite/services/ssr/[22m[36massets/empty-plugin-adapters-BFgPZ6_d.js       [39m[1m[2m  0.13 kB[22m[1m[22m
[2mnode_modules/.nitro/vite/services/ssr/[22m[36massets/start-Ba-hnLoZ.js                       [39m[1m[2m  1.71 kB[22m[1m[22m
[2mnode_modules/.nitro/vite/services/ssr/[22m[36massets/dialog-DrPywZq1.js                      [39m[1m[2m  3.12 kB[22m[1m[22m
[2mnode_modules/.nitro/vite/services/ssr/[22m[36mindex.js                                       [39m[1m[2m  3.34 kB[22m[1m[22m
[2mnode_modules/.nitro/vite/services/ssr/[22m[36massets/growth-ui-CJ6nr0VJ.js                   [39m[1m[2m  3.84 kB[22m[1m[22m
[2mnode_modules/.nitro/vite/services/ssr/[22m[36massets/auth.github.callback-BFlagTwu.js        [39m[1m[2m  4.16 kB[22m[1m[22m
[2mnode_modules/.nitro/vite/services/ssr/[22m[36massets/admin.login-C13sLZvq.js                 [39m[1m[2m  5.08 kB[22m[1m[22m
[2mnode_modules/.nitro/vite/services/ssr/[22m[36massets/explore-a7pCJlqG.js                     [39m[1m[2m  5.57 kB[22m[1m[22m
[2mnode_modules/.nitro/vite/services/ssr/[22m[36massets/portfolio._username-DhnYNMV0.js         [39m[1m[2m  7.75 kB[22m[1m[22m
[2mnode_modules/.nitro/vite/services/ssr/[22m[36massets/_tanstack-start-manifest_v-CMLjaI--.js  [39m[1m[2m  8.70 kB[22m[1m[22m
[2mnode_modules/.nitro/vite/services/ssr/[22m[36massets/discover-B3Rf4Y_d.js                    [39m[1m[2m  8.85 kB[22m[1m[22m
[2mnode_modules/.nitro/vite/services/ssr/[22m[36massets/review-Bo5C8ZQh.js                      [39m[1m[2m 10.17 kB[22m[1m[22m
[2mnode_modules/.nitro/vite/services/ssr/[22m[36massets/assessments-C4pkmDjV.js                 [39m[1m[2m 11.41 kB[22m[1m[22m
[2mnode_modules/.nitro/vite/services/ssr/[22m[36massets/projects-BDCMdJVc.js                    [39m[1m[2m 13.66 kB[22m[1m[22m
[2mnode_modules/.nitro/vite/services/ssr/[22m[36massets/login-DB9P05D2.js                       [39m[1m[2m 14.31 kB[22m[1m[22m
[2mnode_modules/.nitro/vite/services/ssr/[22m[36massets/profile-DvG-EB6Q.js                     [39m[1m[2m 19.47 kB[22m[1m[22m
[2mnode_modules/.nitro/vite/services/ssr/[22m[36massets/signup-CX1Zc7ho.js                      [39m[1m[2m 20.31 kB[22m[1m[22m
[2mnode_modules/.nitro/vite/services/ssr/[22m[36massets/roadmap-BNcETbpD.js                     [39m[1m[2m 26.58 kB[22m[1m[22m
[2mnode_modules/.nitro/vite/services/ssr/[22m[36massets/settings-x-5-hxG5.js                    [39m[1m[2m 27.16 kB[22m[1m[22m
[2mnode_modules/.nitro/vite/services/ssr/[22m[36massets/admin.roadmap-DXKkWQbq.js               [39m[1m[2m 28.58 kB[22m[1m[22m
[2mnode_modules/.nitro/vite/services/ssr/[22m[36massets/paths.create-rappTfky.js                [39m[1m[2m 31.19 kB[22m[1m[22m
[2mnode_modules/.nitro/vite/services/ssr/[22m[36massets/progress-BszHT43U.js                    [39m[1m[2m 33.30 kB[22m[1m[22m
[2mnode_modules/.nitro/vite/services/ssr/[22m[36massets/dashboard-FMRuueWI.js                   [39m[1m[2m 34.86 kB[22m[1m[22m
[2mnode_modules/.nitro/vite/services/ssr/[22m[36massets/admin.dashboard-BjAOh28b.js             [39m[1m[2m 37.39 kB[22m[1m[22m
[2mnode_modules/.nitro/vite/services/ssr/[22m[36massets/notes-B8NekaAs.js                       [39m[1m[2m 40.85 kB[22m[1m[22m
[2mnode_modules/.nitro/vite/services/ssr/[22m[36massets/custom-paths-BtvUqDbQ.js                [39m[1m[2m 50.20 kB[22m[1m[22m
[2mnode_modules/.nitro/vite/services/ssr/[22m[36massets/server-Nj0UBxVf.js                      [39m[1m[2m 58.47 kB[22m[1m[22m
[2mnode_modules/.nitro/vite/services/ssr/[22m[36massets/topic._topicId-bOFwpdWO.js              [39m[1m[2m 82.95 kB[22m[1m[22m
[2mnode_modules/.nitro/vite/services/ssr/[22m[36massets/router-BQ6INnzd.js                      [39m[1m[2m 84.23 kB[22m[1m[22m
[32mΓ£ô built in 1.60s[39m

[90m[[90mnitro[90m][39m [35mo[39m Building [[35mNitro[39m] [2m(preset: [36mnode-server[39m, compatibility: [36m2026-06-23[39m)[22m
[90m[[90mnitro[90m][39m [32mΓêÜ[39m Generated public [36m.output/public[39m
[36mvite v7.3.5 [32mbuilding nitro environment for production...[36m[39m
transforming...
[33mnode_modules/@tanstack/react-router/dist/esm/index.js (1:0): Module level directives cause errors when bundled, 
"use client" in "node_modules/@tanstack/react-router/dist/esm/index.js" was ignored.[39m
[33mnode_modules/@react-oauth/google/dist/index.esm.js (1:0): Module level directives cause errors when bundled, "use 
client" in "node_modules/@react-oauth/google/dist/index.esm.js" was ignored.[39m
[33mnode_modules/@tanstack/react-router/dist/esm/ClientOnly.js (1:0): Module level directives cause errors when 
bundled, "use client" in "node_modules/@tanstack/react-router/dist/esm/ClientOnly.js" was ignored.[39m
[33mnode_modules/@tanstack/react-router/dist/esm/utils.js (1:0): Module level directives cause errors when bundled, 
"use client" in "node_modules/@tanstack/react-router/dist/esm/utils.js" was ignored.[39m
[33mnode_modules/@tanstack/react-router/dist/esm/useNavigate.js (1:0): Module level directives cause errors when 
bundled, "use client" in "node_modules/@tanstack/react-router/dist/esm/useNavigate.js" was ignored.[39m
[33mnode_modules/@tanstack/react-router/dist/esm/RouterProvider.js (1:0): Module level directives cause errors when 
bundled, "use client" in "node_modules/@tanstack/react-router/dist/esm/RouterProvider.js" was ignored.[39m
[33mnode_modules/@tanstack/react-router/dist/esm/useRouterState.js (1:0): Module level directives cause errors when 
bundled, "use client" in "node_modules/@tanstack/react-router/dist/esm/useRouterState.js" was ignored.[39m
[33mnode_modules/@tanstack/react-router/dist/esm/useBlocker.js (1:0): Module level directives cause errors when 
bundled, "use client" in "node_modules/@tanstack/react-router/dist/esm/useBlocker.js" was ignored.[39m
[33mnode_modules/@tanstack/react-router/dist/esm/useLocation.js (1:0): Module level directives cause errors when 
bundled, "use client" in "node_modules/@tanstack/react-router/dist/esm/useLocation.js" was ignored.[39m
[33mnode_modules/@tanstack/react-router/dist/esm/HeadContent.js (1:0): Module level directives cause errors when 
bundled, "use client" in "node_modules/@tanstack/react-router/dist/esm/HeadContent.js" was ignored.[39m
[33mnode_modules/@tanstack/react-router/dist/esm/useMatch.js (1:0): Module level directives cause errors when 
bundled, "use client" in "node_modules/@tanstack/react-router/dist/esm/useMatch.js" was ignored.[39m
[33mnode_modules/@tanstack/react-router/dist/esm/CatchBoundary.js (1:0): Module level directives cause errors when 
bundled, "use client" in "node_modules/@tanstack/react-router/dist/esm/CatchBoundary.js" was ignored.[39m
[33mnode_modules/@tanstack/react-router/dist/esm/Matches.js (1:0): Module level directives cause errors when bundled, 
"use client" in "node_modules/@tanstack/react-router/dist/esm/Matches.js" was ignored.[39m
[33mnode_modules/@tanstack/react-router/dist/esm/useRouter.js (1:0): Module level directives cause errors when 
bundled, "use client" in "node_modules/@tanstack/react-router/dist/esm/useRouter.js" was ignored.[39m
[33mnode_modules/@tanstack/react-router/dist/esm/Asset.js (1:0): Module level directives cause errors when bundled, 
"use client" in "node_modules/@tanstack/react-router/dist/esm/Asset.js" was ignored.[39m
[33mnode_modules/@tanstack/react-router/dist/esm/link.js (1:0): Module level directives cause errors when bundled, 
"use client" in "node_modules/@tanstack/react-router/dist/esm/link.js" was ignored.[39m
[33mnode_modules/@tanstack/react-router/dist/esm/Match.js (1:0): Module level directives cause errors when bundled, 
"use client" in "node_modules/@tanstack/react-router/dist/esm/Match.js" was ignored.[39m
[33mnode_modules/react-activity-calendar/build/index.js (1:0): Module level directives cause errors when bundled, 
"use client" in "node_modules/react-activity-calendar/build/index.js" was ignored.[39m
[33mnode_modules/@radix-ui/react-tabs/dist/index.mjs (1:0): Module level directives cause errors when bundled, "use 
client" in "node_modules/@radix-ui/react-tabs/dist/index.mjs" was ignored.[39m
[33mnode_modules/@radix-ui/react-dialog/dist/index.mjs (1:0): Module level directives cause errors when bundled, "use 
client" in "node_modules/@radix-ui/react-dialog/dist/index.mjs" was ignored.[39m
[33mnode_modules/@xyflow/react/dist/esm/index.mjs (1:0): Module level directives cause errors when bundled, "use 
client" in "node_modules/@xyflow/react/dist/esm/index.mjs" was ignored.[39m
[33mnode_modules/@tanstack/react-query/build/modern/useQuery.js (1:0): Module level directives cause errors when 
bundled, "use client" in "node_modules/@tanstack/react-query/build/modern/useQuery.js" was ignored.[39m
[33mnode_modules/@tanstack/react-query/build/modern/useQueries.js (1:0): Module level directives cause errors when 
bundled, "use client" in "node_modules/@tanstack/react-query/build/modern/useQueries.js" was ignored.[39m
[33mnode_modules/@tanstack/react-query/build/modern/QueryClientProvider.js (1:0): Module level directives cause 
errors when bundled, "use client" in "node_modules/@tanstack/react-query/build/modern/QueryClientProvider.js" was 
ignored.[39m
[33mnode_modules/@tanstack/react-query/build/modern/HydrationBoundary.js (1:0): Module level directives cause errors 
when bundled, "use client" in "node_modules/@tanstack/react-query/build/modern/HydrationBoundary.js" was ignored.[39m
[33mnode_modules/@tanstack/react-query/build/modern/QueryErrorResetBoundary.js (1:0): Module level directives cause 
errors when bundled, "use client" in "node_modules/@tanstack/react-query/build/modern/QueryErrorResetBoundary.js" was 
ignored.[39m
[33mnode_modules/@tanstack/react-query/build/modern/useIsFetching.js (1:0): Module level directives cause errors when 
bundled, "use client" in "node_modules/@tanstack/react-query/build/modern/useIsFetching.js" was ignored.[39m
[33mnode_modules/@tanstack/react-query/build/modern/IsRestoringProvider.js (1:0): Module level directives cause 
errors when bundled, "use client" in "node_modules/@tanstack/react-query/build/modern/IsRestoringProvider.js" was 
ignored.[39m
[33mnode_modules/@tanstack/react-query/build/modern/useInfiniteQuery.js (1:0): Module level directives cause errors 
when bundled, "use client" in "node_modules/@tanstack/react-query/build/modern/useInfiniteQuery.js" was ignored.[39m
[33mnode_modules/@tanstack/react-query/build/modern/useMutationState.js (1:0): Module level directives cause errors 
when bundled, "use client" in "node_modules/@tanstack/react-query/build/modern/useMutationState.js" was ignored.[39m
[33mnode_modules/@tanstack/react-query/build/modern/useMutation.js (1:0): Module level directives cause errors when 
bundled, "use client" in "node_modules/@tanstack/react-query/build/modern/useMutation.js" was ignored.[39m
[33mnode_modules/@tanstack/react-router/dist/esm/routerContext.js (1:0): Module level directives cause errors when 
bundled, "use client" in "node_modules/@tanstack/react-router/dist/esm/routerContext.js" was ignored.[39m
[33mnode_modules/@tanstack/react-router/dist/esm/matchContext.js (1:0): Module level directives cause errors when 
bundled, "use client" in "node_modules/@tanstack/react-router/dist/esm/matchContext.js" was ignored.[39m
[33mnode_modules/@tanstack/react-router/dist/esm/Transitioner.js (1:0): Module level directives cause errors when 
bundled, "use client" in "node_modules/@tanstack/react-router/dist/esm/Transitioner.js" was ignored.[39m
[33mnode_modules/@radix-ui/react-roving-focus/dist/index.mjs (1:0): Module level directives cause errors when 
bundled, "use client" in "node_modules/@radix-ui/react-roving-focus/dist/index.mjs" was ignored.[39m
[33mnode_modules/@radix-ui/react-presence/dist/index.mjs (1:0): Module level directives cause errors when bundled, 
"use client" in "node_modules/@radix-ui/react-presence/dist/index.mjs" was ignored.[39m
[33mnode_modules/@radix-ui/react-direction/dist/index.mjs (1:0): Module level directives cause errors when bundled, 
"use client" in "node_modules/@radix-ui/react-direction/dist/index.mjs" was ignored.[39m
[33mnode_modules/react-activity-calendar/build/chunks/index-CLOTiFb2.js (1:0): Module level directives cause errors 
when bundled, "use client" in "node_modules/react-activity-calendar/build/chunks/index-CLOTiFb2.js" was ignored.[39m
[33mnode_modules/@radix-ui/react-dismissable-layer/dist/index.mjs (1:0): Module level directives cause errors when 
bundled, "use client" in "node_modules/@radix-ui/react-dismissable-layer/dist/index.mjs" was ignored.[39m
[33mnode_modules/@radix-ui/react-focus-scope/dist/index.mjs (1:0): Module level directives cause errors when bundled, 
"use client" in "node_modules/@radix-ui/react-focus-scope/dist/index.mjs" was ignored.[39m
[33mnode_modules/@radix-ui/react-focus-guards/dist/index.mjs (1:0): Module level directives cause errors when 
bundled, "use client" in "node_modules/@radix-ui/react-focus-guards/dist/index.mjs" was ignored.[39m
[33mnode_modules/@radix-ui/react-portal/dist/index.mjs (1:0): Module level directives cause errors when bundled, "use 
client" in "node_modules/@radix-ui/react-portal/dist/index.mjs" was ignored.[39m
[33mnode_modules/@tanstack/react-query/build/modern/useSuspenseQuery.js (1:0): Module level directives cause errors 
when bundled, "use client" in "node_modules/@tanstack/react-query/build/modern/useSuspenseQuery.js" was ignored.[39m
[33mnode_modules/@tanstack/react-query/build/modern/useSuspenseQueries.js (1:0): Module level directives cause errors 
when bundled, "use client" in "node_modules/@tanstack/react-query/build/modern/useSuspenseQueries.js" was ignored.[39m
[33mnode_modules/@tanstack/react-query/build/modern/useSuspenseInfiniteQuery.js (1:0): Module level directives cause 
errors when bundled, "use client" in "node_modules/@tanstack/react-query/build/modern/useSuspenseInfiniteQuery.js" was 
ignored.[39m
[33mnode_modules/@tanstack/react-query/build/modern/errorBoundaryUtils.js (1:0): Module level directives cause errors 
when bundled, "use client" in "node_modules/@tanstack/react-query/build/modern/errorBoundaryUtils.js" was ignored.[39m
[33mnode_modules/@radix-ui/react-collection/dist/index.mjs (1:0): Module level directives cause errors when bundled, 
"use client" in "node_modules/@radix-ui/react-collection/dist/index.mjs" was ignored.[39m
[33mnode_modules/react-activity-calendar/build/chunks/Tooltip-B8gZJWmn.js (1:0): Module level directives cause errors 
when bundled, "use client" in "node_modules/react-activity-calendar/build/chunks/Tooltip-B8gZJWmn.js" was ignored.[39m
[33mnode_modules/@tanstack/react-query/build/modern/useBaseQuery.js (1:0): Module level directives cause errors when 
bundled, "use client" in "node_modules/@tanstack/react-query/build/modern/useBaseQuery.js" was ignored.[39m
[32mΓ£ô[39m 2492 modules transformed.
[36mi[39m Tracing dependencies:
- [36mtslib[39m (2.8.1)
[32mΓêÜ[39m Traced 1 dependencies (4 files) in 35ms.
[36mi[39m Ensure your production environment matches the builder OS and architecture ([36mwin32-x64[39m) to avoid native module issues.
rendering chunks...
[2m.output/server/[22m[36m_libs/crossws.mjs                                       [39m[1m[2m  0.00 kB[22m[1m[22m
[2m.output/server/[22m[36m_libs/hookable.mjs                                      [39m[1m[2m  0.00 kB[22m[1m[22m
[2m.output/server/[22m[36m_libs/ohash.mjs                                         [39m[1m[2m  0.00 kB[22m[1m[22m
[2m.output/server/[22m[36m_libs/ocache.mjs                                        [39m[1m[2m  0.00 kB[22m[1m[22m
[2m.output/server/[22m[36m_libs/unstorage.mjs                                     [39m[1m[2m  0.00 kB[22m[1m[22m
[2m.output/server/[22m[36m_libs/croner.mjs                                        [39m[1m[2m  0.00 kB[22m[1m[22m
[2m.output/server/[22m[36m_libs/tanstack__store.mjs                               [39m[1m[2m  0.00 kB[22m[1m[22m
[2m.output/server/[22m[36m_libs/detect-node-es.mjs                                [39m[1m[2m  0.00 kB[22m[1m[22m
[2m.output/server/[22m[36m_libs/tslib.mjs                                         [39m[1m[2m  0.00 kB[22m[1m[22m
[2m.output/server/[22m[36m_libs/@radix-ui/react-use-effect-event+[...].mjs        [39m[1m[2m  0.02 kB[22m[1m[22m
[2m.output/server/[22m[36m_libs/tanstack__react-store.mjs                         [39m[1m[2m  0.06 kB[22m[1m[22m
[2m.output/server/[22m[36m_ssr/index-BTU5dmpx.mjs                                 [39m[1m[2m  0.08 kB[22m[1m[22m
[2m.output/server/[22m[36m_libs/d3-ease.mjs                                       [39m[1m[2m  0.12 kB[22m[1m[22m
[2m.output/server/[22m[36m_ssr/empty-plugin-adapters-BFgPZ6_d.mjs                 [39m[1m[2m  0.13 kB[22m[1m[22m
[2m.output/server/[22m[36m_libs/get-nonce.mjs                                     [39m[1m[2m  0.16 kB[22m[1m[22m
[2m.output/server/[22m[36m_libs/@radix-ui/react-use-layout-effect+[...].mjs       [39m[1m[2m  0.17 kB[22m[1m[22m
[2m.output/server/[22m[36m_libs/rou3.mjs                                          [39m[1m[2m  0.21 kB[22m[1m[22m
[2m.output/server/[22m[36m_libs/radix-ui__react-direction.mjs                     [39m[1m[2m  0.28 kB[22m[1m[22m
[2m.output/server/[22m[36m_libs/@radix-ui/react-use-callback-ref+[...].mjs        [39m[1m[2m  0.34 kB[22m[1m[22m
[2m.output/server/[22m[36m_libs/radix-ui__primitive.mjs                           [39m[1m[2m  0.35 kB[22m[1m[22m
[2m.output/server/[22m[36m_libs/classcat.mjs                                      [39m[1m[2m  0.42 kB[22m[1m[22m
[2m.output/server/[22m[36m_libs/clsx.mjs                                          [39m[1m[2m  0.51 kB[22m[1m[22m
[2m.output/server/[22m[36m_libs/radix-ui__react-id.mjs                            [39m[1m[2m  0.51 kB[22m[1m[22m
[2m.output/server/[22m[36m_chunks/ssr-renderer.mjs                                [39m[1m[2m  0.61 kB[22m[1m[22m
[2m.output/server/[22m[36m_libs/@radix-ui/react-use-escape-keydown+[...].mjs      [39m[1m[2m  0.69 kB[22m[1m[22m
[2m.output/server/[22m[36m_libs/radix-ui__react-portal.mjs                        [39m[1m[2m  0.85 kB[22m[1m[22m
[2m.output/server/[22m[36m_libs/radix-ui__react-compose-refs.mjs                  [39m[1m[2m  0.94 kB[22m[1m[22m
[2m.output/server/[22m[36m_libs/radix-ui__react-focus-guards.mjs                  [39m[1m[2m  1.08 kB[22m[1m[22m
[2m.output/server/[22m[36m_libs/radix-ui__react-primitive.mjs                     [39m[1m[2m  1.12 kB[22m[1m[22m
[2m.output/server/[22m[36m_libs/ufo.mjs                                           [39m[1m[2m  1.31 kB[22m[1m[22m
[2m.output/server/[22m[36m_libs/cookie-es.mjs                                     [39m[1m[2m  1.46 kB[22m[1m[22m
[2m.output/server/[22m[36m_libs/seroval-plugins.mjs                               [39m[1m[2m  1.47 kB[22m[1m[22m
[2m.output/server/[22m[36m_libs/react-style-singleton.mjs                         [39m[1m[2m  1.67 kB[22m[1m[22m
[2m.output/server/[22m[36m_libs/use-callback-ref.mjs                              [39m[1m[2m  1.75 kB[22m[1m[22m
[2m.output/server/[22m[36m_ssr/start-Ba-hnLoZ.mjs                                 [39m[1m[2m  2.04 kB[22m[1m[22m
[2m.output/server/[22m[36m_libs/class-variance-authority.mjs                      [39m[1m[2m  2.14 kB[22m[1m[22m
[2m.output/server/[22m[36m_libs/@radix-ui/react-use-controllable-state+[...].mjs  [39m[1m[2m  2.29 kB[22m[1m[22m
[2m.output/server/[22m[36m_libs/d3-dispatch.mjs                                   [39m[1m[2m  2.45 kB[22m[1m[22m
[2m.output/server/[22m[36m_libs/use-sidecar.mjs                                   [39m[1m[2m  2.65 kB[22m[1m[22m
[2m.output/server/[22m[36m_libs/isbot.mjs                                         [39m[1m[2m  2.78 kB[22m[1m[22m
[2m.output/server/[22m[36m_libs/d3-timer.mjs                                      [39m[1m[2m  2.78 kB[22m[1m[22m
[2m.output/server/[22m[36m_libs/radix-ui__react-collection.mjs                    [39m[1m[2m  3.28 kB[22m[1m[22m
[2m.output/server/[22m[36m_ssr/dialog-DrPywZq1.mjs                                [39m[1m[2m  3.29 kB[22m[1m[22m
[2m.output/server/[22m[36m_ssr/index.mjs                                          [39m[1m[2m  3.34 kB[22m[1m[22m
[2m.output/server/[22m[36m_libs/radix-ui__react-context.mjs                       [39m[1m[2m  3.47 kB[22m[1m[22m
[2m.output/server/[22m[36m_libs/zustand.mjs                                       [39m[1m[2m  3.50 kB[22m[1m[22m
[2m.output/server/[22m[36m_libs/react-remove-scroll-bar.mjs                       [39m[1m[2m  3.96 kB[22m[1m[22m
[2m.output/server/[22m[36m_libs/aria-hidden.mjs                                   [39m[1m[2m  4.06 kB[22m[1m[22m
[2m.output/server/[22m[36m_ssr/growth-ui-CJ6nr0VJ.mjs                             [39m[1m[2m  4.16 kB[22m[1m[22m
[2m.output/server/[22m[36m_libs/react-oauth__google.mjs                           [39m[1m[2m  4.36 kB[22m[1m[22m
[2m.output/server/[22m[36m_ssr/auth.github.callback-BFlagTwu.mjs                  [39m[1m[2m  4.82 kB[22m[1m[22m
[2m.output/server/[22m[36m_libs/radix-ui__react-slot.mjs                          [39m[1m[2m  5.33 kB[22m[1m[22m
[2m.output/server/[22m[36m_libs/use-sync-external-store.mjs                       [39m[1m[2m  5.56 kB[22m[1m[22m
[2m.output/server/[22m[36m_libs/radix-ui__react-presence.mjs                      [39m[1m[2m  5.71 kB[22m[1m[22m
[2m.output/server/[22m[36m_libs/tanstack__history.mjs                             [39m[1m[2m  5.99 kB[22m[1m[22m
[2m.output/server/[22m[36m_ssr/admin.login-C13sLZvq.mjs                           [39m[1m[2m  6.07 kB[22m[1m[22m
[2m.output/server/[22m[36m_libs/radix-ui__react-tabs.mjs                          [39m[1m[2m  6.49 kB[22m[1m[22m
[2m.output/server/[22m[36m_ssr/explore-a7pCJlqG.mjs                               [39m[1m[2m  6.60 kB[22m[1m[22m
[2m.output/server/[22m[36m_libs/tanstack__react-query.mjs                         [39m[1m[2m  7.01 kB[22m[1m[22m
[2m.output/server/[22m[36m_libs/d3-drag.mjs                                       [39m[1m[2m  7.34 kB[22m[1m[22m
[2m.output/server/[22m[36m_libs/floating-ui__react-dom.mjs                        [39m[1m[2m  7.87 kB[22m[1m[22m
[2m.output/server/[22m[36m_libs/radix-ui__react-focus-scope.mjs                   [39m[1m[2m  8.07 kB[22m[1m[22m
[2m.output/server/[22m[36m_libs/d3-interpolate.mjs                                [39m[1m[2m  8.59 kB[22m[1m[22m
[2m.output/server/[22m[36m_tanstack-start-manifest_v-CMLjaI--.mjs                 [39m[1m[2m  8.70 kB[22m[1m[22m
[2m.output/server/[22m[36m_libs/@radix-ui/react-dismissable-layer+[...].mjs       [39m[1m[2m  9.07 kB[22m[1m[22m
[2m.output/server/[22m[36m_ssr/portfolio._username-DhnYNMV0.mjs                   [39m[1m[2m  9.29 kB[22m[1m[22m
[2m.output/server/[22m[36m_libs/floating-ui__utils.mjs                            [39m[1m[2m  9.44 kB[22m[1m[22m
[2m.output/server/[22m[36m_libs/radix-ui__react-roving-focus.mjs                  [39m[1m[2m  9.53 kB[22m[1m[22m
[2m.output/server/[22m[36m_libs/h3-v2.mjs                                         [39m[1m[2m  9.98 kB[22m[1m[22m
[2m.output/server/[22m[36m_ssr/discover-B3Rf4Y_d.mjs                              [39m[1m[2m 10.22 kB[22m[1m[22m
[2m.output/server/[22m[36m_libs/d3-color.mjs                                      [39m[1m[2m 10.63 kB[22m[1m[22m
[2m.output/server/[22m[36m_libs/date-fns.mjs                                      [39m[1m[2m 11.48 kB[22m[1m[22m
[2m.output/server/[22m[36m_ssr/review-Bo5C8ZQh.mjs                                [39m[1m[2m 11.53 kB[22m[1m[22m
[2m.output/server/[22m[36m_ssr/assessments-C4pkmDjV.mjs                           [39m[1m[2m 12.93 kB[22m[1m[22m
[2m.output/server/[22m[36m_libs/react-remove-scroll.mjs                           [39m[1m[2m 13.37 kB[22m[1m[22m
[2m.output/server/[22m[36m_libs/radix-ui__react-dialog.mjs                        [39m[1m[2m 13.54 kB[22m[1m[22m
[2m.output/server/[22m[36m_libs/tabbable.mjs                                      [39m[1m[2m 13.67 kB[22m[1m[22m
[2m.output/server/[22m[36m_libs/h3.mjs                                            [39m[1m[2m 14.36 kB[22m[1m[22m
[2m.output/server/[22m[36m_ssr/projects-BDCMdJVc.mjs                              [39m[1m[2m 15.91 kB[22m[1m[22m
[2m.output/server/[22m[36m_ssr/login-DB9P05D2.mjs                                 [39m[1m[2m 16.11 kB[22m[1m[22m
[2m.output/server/[22m[36m_libs/d3-zoom.mjs                                       [39m[1m[2m 16.52 kB[22m[1m[22m
[2m.output/server/[22m[36m_libs/floating-ui__core.mjs                             [39m[1m[2m 17.21 kB[22m[1m[22m
[2m.output/server/[22m[36m_libs/react.mjs                                         [39m[1m[2m 19.95 kB[22m[1m[22m
[2m.output/server/[22m[36m_libs/floating-ui__dom.mjs                              [39m[1m[2m 21.12 kB[22m[1m[22m
[2m.output/server/[22m[36m_libs/d3-transition.mjs                                 [39m[1m[2m 22.49 kB[22m[1m[22m
[2m.output/server/[22m[36m_ssr/profile-DvG-EB6Q.mjs                               [39m[1m[2m 22.52 kB[22m[1m[22m
[2m.output/server/[22m[36m_ssr/signup-CX1Zc7ho.mjs                                [39m[1m[2m 22.56 kB[22m[1m[22m
[2m.output/server/[22m[36m_libs/d3-selection.mjs                                  [39m[1m[2m 23.47 kB[22m[1m[22m
[2m.output/server/[22m[36m_libs/react-activity-calendar.mjs                       [39m[1m[2m 24.11 kB[22m[1m[22m
[2m.output/server/[22m[36m_libs/driver.js.mjs                                     [39m[1m[2m 27.27 kB[22m[1m[22m
[2m.output/server/[22m[36m_libs/srvx.mjs                                          [39m[1m[2m 27.73 kB[22m[1m[22m
[2m.output/server/[22m[36mindex.mjs                                               [39m[1m[2m 28.01 kB[22m[1m[22m
[2m.output/server/[22m[36m_ssr/settings-x-5-hxG5.mjs                              [39m[1m[2m 29.74 kB[22m[1m[22m
[2m.output/server/[22m[36m_ssr/roadmap-BNcETbpD.mjs                               [39m[1m[2m 29.77 kB[22m[1m[22m
[2m.output/server/[22m[36m_ssr/admin.roadmap-DXKkWQbq.mjs                         [39m[1m[2m 31.68 kB[22m[1m[22m
[2m.output/server/[22m[36m_libs/lucide-react.mjs                                  [39m[1m[2m 31.94 kB[22m[1m[22m
[2m.output/server/[22m[36m_ssr/paths.create-rappTfky.mjs                          [39m[1m[2m 34.81 kB[22m[1m[22m
[2m.output/server/[22m[36m_ssr/progress-BszHT43U.mjs                              [39m[1m[2m 36.36 kB[22m[1m[22m
[2m.output/server/[22m[36m_ssr/dashboard-FMRuueWI.mjs                             [39m[1m[2m 38.35 kB[22m[1m[22m
[2m.output/server/[22m[36m_ssr/admin.dashboard-BjAOh28b.mjs                       [39m[1m[2m 42.33 kB[22m[1m[22m
[2m.output/server/[22m[36m_libs/tanstack__react-router.mjs                        [39m[1m[2m 42.60 kB[22m[1m[22m
[2m.output/server/[22m[36m_ssr/notes-B8NekaAs.mjs                                 [39m[1m[2m 43.65 kB[22m[1m[22m
[2m.output/server/[22m[36m_libs/seroval.mjs                                       [39m[1m[2m 48.40 kB[22m[1m[22m
[2m.output/server/[22m[36m_libs/floating-ui__react.mjs                            [39m[1m[2m 54.89 kB[22m[1m[22m
[2m.output/server/[22m[36m_ssr/custom-paths-BtvUqDbQ.mjs                          [39m[1m[2m 56.06 kB[22m[1m[22m
[2m.output/server/[22m[36m_ssr/server-Nj0UBxVf.mjs                                [39m[1m[2m 58.13 kB[22m[1m[22m
[2m.output/server/[22m[36m_libs/tanstack__query-core.mjs                          [39m[1m[2m 75.11 kB[22m[1m[22m
[2m.output/server/[22m[36m_ssr/router-BQ6INnzd.mjs                                [39m[1m[2m 88.05 kB[22m[1m[22m
[2m.output/server/[22m[36m_ssr/topic._topicId-bOFwpdWO.mjs                        [39m[1m[2m 91.47 kB[22m[1m[22m
[2m.output/server/[22m[36m_libs/tailwind-merge.mjs                                [39m[1m[2m 99.21 kB[22m[1m[22m
[2m.output/server/[22m[36m_libs/xyflow__system.mjs                                [39m[1m[2m105.58 kB[22m[1m[22m
[2m.output/server/[22m[36m_libs/xyflow__react.mjs                                 [39m[1m[2m148.40 kB[22m[1m[22m
[2m.output/server/[22m[36m_libs/tanstack__router-core.mjs                         [39m[1m[2m171.41 kB[22m[1m[22m
[2m.output/server/[22m[36m_libs/react-dom.mjs                                     [39m[1m[33m509.08 kB[39m[22m
[32mΓ£ô built in 5.36s[39m
[36mi[39m Generated [36m.output/nitro.json[39m

[90m[[90mnitro[90m][39m [32mΓêÜ[39m You can preview this build using [36mnpx vite preview[39m
